warn: pattern is unreachable
  --> $DIR/simple_unreachable_pats.hash:9:9
 8 |           2 => {},
 9 |           3 => {},
   |           ^ 
10 |           k => {},

warn: pattern is unreachable
  --> $DIR/simple_unreachable_pats.hash:11:9
10 |           k => {},
11 |           _ => {}
   |           ^ 
12 |       }
