error: expected a name here, however received a `#`
 --> $DIR/double_hash.hash:3:7
2 |   
3 |   k := ##naughty_intrinsic();
  |         ^ 
