error: failed to parse
 --> $DIR/case.hash:1:8
1 |   print("goodbye world...
  |          ^^^^^^^^^^^^^^^^^ here
  = note: unclosed string literal
