error: Failed to parse
 --> $DIR/case.hash:1:10
1 |   k := '\u{g00000}';
  |            ^ here
  = note: Invalid character escape sequence. Expected `}` after a escape sequence
