error: Failed to parse
  --> $DIR/case.hash:10:16
 9 |           };
10 |           _ => -1
   |                  ^ here
11 |       };
   = note: Unexpectedly reached the end of input. Consider adding a ';'
