error: invalid character literal `a`, character literals may only contain one codepoint
 --> $DIR/unclosed_char_literal.hash:3:1
2 |   
3 |   'a
  |   ^^^ here
