error: unclosed string literal
 --> $DIR/case.hash:1:2
1 |   "a
  |    ^^ here
